Using pre-set license
Built from '2021.3/staging' branch; Version is '2021.3.18f1 (3129e69bc0c7) revision 3221990'; Using compiler version '192829333'; Build Type 'Release'
OS: 'Windows 11  (10.0.22000) 64bit Core' Language: 'en' Physical Memory: 7927 MB
BatchMode: 1, IsHumanControllingUs: 0, StartBugReporterOnCrash: 0, Is64bit: 1, IsPro: 1

COMMAND LINE ARGUMENTS:
C:\Program Files\Unity\Hub\Editor\2021.3.18f1\Editor\Unity.exe
-adb2
-batchMode
-noUpm
-name
AssetImportWorker1
-projectPath
C:/Users/Grant/Desktop/School_ODU/Senior_Spring/gamedevelopment/ProgramAssignments/P3/Super Mario/Super Mario
-logFile
Logs/AssetImportWorker1.log
-srvPort
56226
Successfully changed project path to: C:/Users/Grant/Desktop/School_ODU/Senior_Spring/gamedevelopment/ProgramAssignments/P3/Super Mario/Super Mario
C:/Users/Grant/Desktop/School_ODU/Senior_Spring/gamedevelopment/ProgramAssignments/P3/Super Mario/Super Mario
[UnityMemory] Configuration Parameters - Can be set up in boot.config
    "memorysetup-bucket-allocator-granularity=16"
    "memorysetup-bucket-allocator-bucket-count=8"
    "memorysetup-bucket-allocator-block-size=33554432"
    "memorysetup-bucket-allocator-block-count=8"
    "memorysetup-main-allocator-block-size=16777216"
    "memorysetup-thread-allocator-block-size=16777216"
    "memorysetup-gfx-main-allocator-block-size=16777216"
    "memorysetup-gfx-thread-allocator-block-size=16777216"
    "memorysetup-cache-allocator-block-size=4194304"
    "memorysetup-typetree-allocator-block-size=2097152"
    "memorysetup-profiler-bucket-allocator-granularity=16"
    "memorysetup-profiler-bucket-allocator-bucket-count=8"
    "memorysetup-profiler-bucket-allocator-block-size=33554432"
    "memorysetup-profiler-bucket-allocator-block-count=8"
    "memorysetup-profiler-allocator-block-size=16777216"
    "memorysetup-profiler-editor-allocator-block-size=1048576"
    "memorysetup-temp-allocator-size-main=16777216"
    "memorysetup-job-temp-allocator-block-size=2097152"
    "memorysetup-job-temp-allocator-block-size-background=1048576"
    "memorysetup-job-temp-allocator-reduction-small-platforms=262144"
    "memorysetup-temp-allocator-size-background-worker=32768"
    "memorysetup-temp-allocator-size-job-worker=262144"
    "memorysetup-temp-allocator-size-preload-manager=33554432"
    "memorysetup-temp-allocator-size-nav-mesh-worker=65536"
    "memorysetup-temp-allocator-size-audio-worker=65536"
    "memorysetup-temp-allocator-size-cloud-worker=32768"
    "memorysetup-temp-allocator-size-gi-baking-worker=262144"
    "memorysetup-temp-allocator-size-gfx=262144"
Player connection [54176] Host "[IP] 10.254.234.1 [Port] 0 [Flags] 2 [Guid] 2983095899 [EditorId] 2983095899 [Version] 1048832 [Id] WindowsEditor(7,GTRUCK) [Debug] 1 [PackageName] WindowsEditor [ProjectName] Editor" joined multi-casting on [225.0.0.222:54997]...

Player connection [54176] Host "[IP] 10.254.234.1 [Port] 0 [Flags] 2 [Guid] 2983095899 [EditorId] 2983095899 [Version] 1048832 [Id] WindowsEditor(7,GTRUCK) [Debug] 1 [PackageName] WindowsEditor [ProjectName] Editor" joined alternative multi-casting on [225.0.0.222:34997]...

Refreshing native plugins compatible for Editor in 86.79 ms, found 2 plugins.
Preloading 0 native plugins for Editor in 0.00 ms.
Initialize engine version: 2021.3.18f1 (3129e69bc0c7)
[Subsystems] Discovering subsystems at path C:/Program Files/Unity/Hub/Editor/2021.3.18f1/Editor/Data/Resources/UnitySubsystems
[Subsystems] Discovering subsystems at path C:/Users/Grant/Desktop/School_ODU/Senior_Spring/gamedevelopment/ProgramAssignments/P3/Super Mario/Super Mario/Assets
GfxDevice: creating device client; threaded=0; jobified=0
Direct3D:
    Version:  Direct3D 11.0 [level 11.1]
    Renderer: NVIDIA GeForce GTX 1050 Ti with Max-Q Design (ID=0x1c8c)
    Vendor:   NVIDIA
    VRAM:     4021 MB
    Driver:   31.0.15.1700
Initialize mono
Mono path[0] = 'C:/Program Files/Unity/Hub/Editor/2021.3.18f1/Editor/Data/Managed'
Mono path[1] = 'C:/Program Files/Unity/Hub/Editor/2021.3.18f1/Editor/Data/MonoBleedingEdge/lib/mono/unityjit-win32'
Mono config path = 'C:/Program Files/Unity/Hub/Editor/2021.3.18f1/Editor/Data/MonoBleedingEdge/etc'
Using monoOptions --debugger-agent=transport=dt_socket,embedding=1,server=y,suspend=n,address=127.0.0.1:56096
Begin MonoManager ReloadAssembly
Registering precompiled unity dll's ...
Register platform support module: C:/Program Files/Unity/Hub/Editor/2021.3.18f1/Editor/Data/PlaybackEngines/WebGLSupport/UnityEditor.WebGL.Extensions.dll
Register platform support module: C:/Program Files/Unity/Hub/Editor/2021.3.18f1/Editor/Data/PlaybackEngines/WindowsStandaloneSupport/UnityEditor.WindowsStandalone.Extensions.dll
Registered in 0.011354 seconds.
Native extension for WindowsStandalone target not found
Native extension for WebGL target not found
Refreshing native plugins compatible for Editor in 97.67 ms, found 2 plugins.
Preloading 0 native plugins for Editor in 0.00 ms.
Mono: successfully reloaded assembly
- Completed reload, in  0.823 seconds
Domain Reload Profiling:
	ReloadAssembly (823ms)
		BeginReloadAssembly (98ms)
			ExecutionOrderSort (0ms)
			DisableScriptedObjects (0ms)
			BackupInstance (0ms)
			ReleaseScriptingObjects (0ms)
			CreateAndSetChildDomain (1ms)
		EndReloadAssembly (562ms)
			LoadAssemblies (96ms)
			RebuildTransferFunctionScriptingTraits (0ms)
			SetupTypeCache (126ms)
			ReleaseScriptCaches (0ms)
			RebuildScriptCaches (42ms)
			SetupLoadedEditorAssemblies (335ms)
				LogAssemblyErrors (0ms)
				InitializePlatformSupportModulesInManaged (12ms)
				SetLoadedEditorAssemblies (0ms)
				RefreshPlugins (98ms)
				BeforeProcessingInitializeOnLoad (2ms)
				ProcessInitializeOnLoadAttributes (171ms)
				ProcessInitializeOnLoadMethodAttributes (52ms)
				AfterProcessingInitializeOnLoad (0ms)
				EditorAssembliesLoaded (0ms)
			ExecutionOrderSort2 (0ms)
			AwakeInstancesAfterBackupRestoration (0ms)
Platform modules already initialized, skipping
Registering precompiled user dll's ...
Registered in 0.014892 seconds.
Begin MonoManager ReloadAssembly
Native extension for WindowsStandalone target not found
Native extension for WebGL target not found
Refreshing native plugins compatible for Editor in 0.66 ms, found 2 plugins.
Preloading 0 native plugins for Editor in 0.00 ms.
Mono: successfully reloaded assembly
- Completed reload, in  1.292 seconds
Domain Reload Profiling:
	ReloadAssembly (1292ms)
		BeginReloadAssembly (157ms)
			ExecutionOrderSort (0ms)
			DisableScriptedObjects (6ms)
			BackupInstance (0ms)
			ReleaseScriptingObjects (0ms)
			CreateAndSetChildDomain (22ms)
		EndReloadAssembly (987ms)
			LoadAssemblies (173ms)
			RebuildTransferFunctionScriptingTraits (0ms)
			SetupTypeCache (240ms)
			ReleaseScriptCaches (1ms)
			RebuildScriptCaches (51ms)
			SetupLoadedEditorAssemblies (503ms)
				LogAssemblyErrors (0ms)
				InitializePlatformSupportModulesInManaged (8ms)
				SetLoadedEditorAssemblies (1ms)
				RefreshPlugins (1ms)
				BeforeProcessingInitializeOnLoad (86ms)
				ProcessInitializeOnLoadAttributes (243ms)
				ProcessInitializeOnLoadMethodAttributes (155ms)
				AfterProcessingInitializeOnLoad (10ms)
				EditorAssembliesLoaded (0ms)
			ExecutionOrderSort2 (0ms)
			AwakeInstancesAfterBackupRestoration (7ms)
Platform modules already initialized, skipping
========================================================================
Worker process is ready to serve import requests
Launched and connected shader compiler UnityShaderCompiler.exe after 0.05 seconds
Refreshing native plugins compatible for Editor in 1.03 ms, found 2 plugins.
Preloading 0 native plugins for Editor in 0.00 ms.
Unloading 2333 Unused Serialized files (Serialized files now loaded: 0)
Unloading 60 unused Assets / (57.3 KB). Loaded Objects now: 2769.
Memory consumption went from 89.9 MB to 89.8 MB.
Total: 6.919000 ms (FindLiveObjects: 0.225900 ms CreateObjectMapping: 0.151500 ms MarkObjects: 6.440500 ms  DeleteObjects: 0.100200 ms)

AssetImportParameters requested are different than current active one (requested -> active):
  custom:video-decoder-ogg-theora: a1e56fd34408186e4bbccfd4996cb3dc -> 
  custom:container-muxer-webm: aa71ff27fc2769a1b78a27578f13a17b -> 
  custom:container-demuxer-webm: 4f35f7cbe854078d1ac9338744f61a02 -> 
  custom:video-encoder-webm-vp8: eb34c28f22e8b96e1ab97ce403110664 -> 
  custom:audio-encoder-webm-vorbis: bf7c407c2cedff20999df2af8eb42d56 -> 
  custom:framework-win-MediaFoundation: 216162199b28c13a410421893ffa2e32 -> 
  custom:container-demuxer-ogg: 62fdf1f143b41e24485cea50d1cbac27 -> 
  custom:video-decoder-webm-vp8: 9c59270c3fd7afecdb556c50c9e8de78 -> 
  custom:audio-decoder-ogg-vorbis: bf7c407c2cedff20999df2af8eb42d56 -> 
========================================================================
Received Import Request.
  Time since last request: 1981469.755039 seconds.
  path: Assets/Audio
  artifactKey: Guid(e0e50c918621a854587d2dbe00bc014c) Importer(815301076,1909f56bfc062723c751e8b465ee728b)
Start importing Assets/Audio using Guid(e0e50c918621a854587d2dbe00bc014c) Importer(815301076,1909f56bfc062723c751e8b465ee728b)  -> (artifact id: '2ce1cd755e0b9a8f511129ef9fd795d9') in 0.008444 seconds 
========================================================================
Received Import Request.
  Time since last request: 3.371403 seconds.
  path: Assets/Audio/Player/Taunts/Player-BringItOn.wav
  artifactKey: Guid(27cbebf9d650249e5b032494eae5322c) Importer(815301076,1909f56bfc062723c751e8b465ee728b)
Start importing Assets/Audio/Player/Taunts/Player-BringItOn.wav using Guid(27cbebf9d650249e5b032494eae5322c) Importer(815301076,1909f56bfc062723c751e8b465ee728b)  -> (artifact id: '23d462de7f3472e3fa58c07e257da4f3') in 0.214762 seconds 
========================================================================
Received Import Request.
  Time since last request: 0.000026 seconds.
  path: Assets/Audio/Player/Taunts/Player-IDefyYou.wav
  artifactKey: Guid(986fa1b8984964da79d1be0597332fb2) Importer(815301076,1909f56bfc062723c751e8b465ee728b)
Start importing Assets/Audio/Player/Taunts/Player-IDefyYou.wav using Guid(986fa1b8984964da79d1be0597332fb2) Importer(815301076,1909f56bfc062723c751e8b465ee728b)  -> (artifact id: '511cda2f76c0ea973a95aeafc100fcf5') in 0.012181 seconds 
========================================================================
Received Import Request.
  Time since last request: 0.000040 seconds.
  path: Assets/Audio/Player/Taunts/Player-KeepItClassy.wav
  artifactKey: Guid(0c92f302b5186464187ab9b6adcd1282) Importer(815301076,1909f56bfc062723c751e8b465ee728b)
Start importing Assets/Audio/Player/Taunts/Player-KeepItClassy.wav using Guid(0c92f302b5186464187ab9b6adcd1282) Importer(815301076,1909f56bfc062723c751e8b465ee728b)  -> (artifact id: '376e26abb5cbda65e35e73a80b7e29ed') in 0.014754 seconds 
========================================================================
Received Import Request.
  Time since last request: 0.000034 seconds.
  path: Assets/Audio/Player/Taunts/Player-LetsAveYou.wav
  artifactKey: Guid(57d899f9f78ef4493b0b79dbc9d55e40) Importer(815301076,1909f56bfc062723c751e8b465ee728b)
Start importing Assets/Audio/Player/Taunts/Player-LetsAveYou.wav using Guid(57d899f9f78ef4493b0b79dbc9d55e40) Importer(815301076,1909f56bfc062723c751e8b465ee728b)  -> (artifact id: '3c56abba45c37d0a93923e840a1bec87') in 0.014451 seconds 
========================================================================
Received Import Request.
  Time since last request: 0.000025 seconds.
  path: Assets/Audio/Player/Taunts/Player-TakeThat.wav
  artifactKey: Guid(0695e43dc27f94eecbf41013ef61b603) Importer(815301076,1909f56bfc062723c751e8b465ee728b)
Start importing Assets/Audio/Player/Taunts/Player-TakeThat.wav using Guid(0695e43dc27f94eecbf41013ef61b603) Importer(815301076,1909f56bfc062723c751e8b465ee728b)  -> (artifact id: 'f5a14419f4be207874dc46428409d119') in 0.015419 seconds 
========================================================================
Received Import Request.
  Time since last request: 35.523330 seconds.
  path: Assets/Audio/FX/bigBoom.ogg
  artifactKey: Guid(8b4e61c51941a46d1aac273472c814fd) Importer(815301076,1909f56bfc062723c751e8b465ee728b)
Start importing Assets/Audio/FX/bigBoom.ogg using Guid(8b4e61c51941a46d1aac273472c814fd) Importer(815301076,1909f56bfc062723c751e8b465ee728b)  -> (artifact id: '2c9d5796452e68c645ab865f53b9e588') in 0.044001 seconds 
========================================================================
Received Import Request.
  Time since last request: 0.000032 seconds.
  path: Assets/Audio/FX/bombFuse.wav
  artifactKey: Guid(238da4efc08184aee919af254edb2ef1) Importer(815301076,1909f56bfc062723c751e8b465ee728b)
Start importing Assets/Audio/FX/bombFuse.wav using Guid(238da4efc08184aee919af254edb2ef1) Importer(815301076,1909f56bfc062723c751e8b465ee728b)  -> (artifact id: 'b758c4513657ff8740a713e9373ba6ea') in 0.013234 seconds 
========================================================================
Received Import Request.
  Time since last request: 0.000025 seconds.
  path: Assets/Audio/FX/STEMSMainTrack_01.ogg
  artifactKey: Guid(797f79b7928b0594f9ce4a7b88e2cc3c) Importer(815301076,1909f56bfc062723c751e8b465ee728b)
Start importing Assets/Audio/FX/STEMSMainTrack_01.ogg using Guid(797f79b7928b0594f9ce4a7b88e2cc3c) Importer(815301076,1909f56bfc062723c751e8b465ee728b)  -> (artifact id: '6d3ef18b83ee5f3ceb3b412785c160a3') in 0.017235 seconds 
========================================================================
Received Import Request.
  Time since last request: 0.000043 seconds.
  path: Assets/Audio/FX/healthPickup.ogg
  artifactKey: Guid(fdcf63a3454d74ea5bdd46db131f3078) Importer(815301076,1909f56bfc062723c751e8b465ee728b)
Start importing Assets/Audio/FX/healthPickup.ogg using Guid(fdcf63a3454d74ea5bdd46db131f3078) Importer(815301076,1909f56bfc062723c751e8b465ee728b)  -> (artifact id: '7dbf7a7b0e142e8b6a38accca1158de2') in 0.015048 seconds 
========================================================================
Received Import Request.
  Time since last request: 0.000073 seconds.
  path: Assets/Audio/FX/rocketExplode.wav
  artifactKey: Guid(17e2e18f58d484292afebd263b8a9f67) Importer(815301076,1909f56bfc062723c751e8b465ee728b)
Start importing Assets/Audio/FX/rocketExplode.wav using Guid(17e2e18f58d484292afebd263b8a9f67) Importer(815301076,1909f56bfc062723c751e8b465ee728b)  -> (artifact id: '242cf711cdad457172e19cab33fbc6d5') in 0.022474 seconds 
========================================================================
Received Import Request.
  Time since last request: 0.000056 seconds.
  path: Assets/Audio/FX/bombCollect.wav
  artifactKey: Guid(0f0f1f98eb73543f6af74d3b8fb23f1f) Importer(815301076,1909f56bfc062723c751e8b465ee728b)
Start importing Assets/Audio/FX/bombCollect.wav using Guid(0f0f1f98eb73543f6af74d3b8fb23f1f) Importer(815301076,1909f56bfc062723c751e8b465ee728b)  -> (artifact id: 'ab3b9934675d2bd828798cd0bee488f9') in 0.017507 seconds 
========================================================================
Received Import Request.
  Time since last request: 0.000083 seconds.
  path: Assets/Audio/FX/waterSplash.mp3
  artifactKey: Guid(bf6e05072118b1242a0e4696e073086f) Importer(815301076,1909f56bfc062723c751e8b465ee728b)
Start importing Assets/Audio/FX/waterSplash.mp3 using Guid(bf6e05072118b1242a0e4696e073086f) Importer(815301076,1909f56bfc062723c751e8b465ee728b)  -> (artifact id: '6d3d8cac671bb620e76805c363254fb4') in 0.025817 seconds 
========================================================================
Received Prepare
Registering precompiled user dll's ...
Registered in 0.009525 seconds.
Begin MonoManager ReloadAssembly
Native extension for WindowsStandalone target not found
Native extension for WebGL target not found
Refreshing native plugins compatible for Editor in 1.33 ms, found 2 plugins.
Preloading 0 native plugins for Editor in 0.00 ms.
Mono: successfully reloaded assembly
- Completed reload, in  2.696 seconds
Domain Reload Profiling:
	ReloadAssembly (2698ms)
		BeginReloadAssembly (859ms)
			ExecutionOrderSort (0ms)
			DisableScriptedObjects (70ms)
			BackupInstance (0ms)
			ReleaseScriptingObjects (0ms)
			CreateAndSetChildDomain (484ms)
		EndReloadAssembly (1644ms)
			LoadAssemblies (266ms)
			RebuildTransferFunctionScriptingTraits (0ms)
			SetupTypeCache (414ms)
			ReleaseScriptCaches (4ms)
			RebuildScriptCaches (122ms)
			SetupLoadedEditorAssemblies (813ms)
				LogAssemblyErrors (0ms)
				InitializePlatformSupportModulesInManaged (26ms)
				SetLoadedEditorAssemblies (2ms)
				RefreshPlugins (1ms)
				BeforeProcessingInitializeOnLoad (132ms)
				ProcessInitializeOnLoadAttributes (371ms)
				ProcessInitializeOnLoadMethodAttributes (266ms)
				AfterProcessingInitializeOnLoad (15ms)
				EditorAssembliesLoaded (0ms)
			ExecutionOrderSort2 (0ms)
			AwakeInstancesAfterBackupRestoration (12ms)
Platform modules already initialized, skipping
Refreshing native plugins compatible for Editor in 11.60 ms, found 2 plugins.
Preloading 0 native plugins for Editor in 0.00 ms.
Unloading 2328 Unused Serialized files (Serialized files now loaded: 0)
Unloading 49 unused Assets / (32.8 KB). Loaded Objects now: 2782.
Memory consumption went from 93.6 MB to 93.5 MB.
Total: 13.584400 ms (FindLiveObjects: 0.281600 ms CreateObjectMapping: 0.237000 ms MarkObjects: 13.014200 ms  DeleteObjects: 0.050300 ms)

AssetImportParameters requested are different than current active one (requested -> active):
  custom:video-decoder-ogg-theora: a1e56fd34408186e4bbccfd4996cb3dc -> 
  custom:container-muxer-webm: aa71ff27fc2769a1b78a27578f13a17b -> 
  custom:container-demuxer-webm: 4f35f7cbe854078d1ac9338744f61a02 -> 
  custom:video-encoder-webm-vp8: eb34c28f22e8b96e1ab97ce403110664 -> 
  custom:audio-encoder-webm-vorbis: bf7c407c2cedff20999df2af8eb42d56 -> 
  custom:framework-win-MediaFoundation: 216162199b28c13a410421893ffa2e32 -> 
  custom:container-demuxer-ogg: 62fdf1f143b41e24485cea50d1cbac27 -> 
  custom:video-decoder-webm-vp8: 9c59270c3fd7afecdb556c50c9e8de78 -> 
  custom:audio-decoder-ogg-vorbis: bf7c407c2cedff20999df2af8eb42d56 -> 
Editor requested this worker to shutdown with reason: Scaling down because of idle timeout
AssetImportWorker is now disconnected from the server
Process exiting
Exiting without the bug reporter. Application will terminate with return code 0